c:\st\stm32cubeide_1.11.2\stm32cubeide\plugins\com.st.stm32cube.ide.mcu.externaltools.gnu-tools-for-stm32.10.3-2021.10.win32_1.0.100.202210260954\tools\bin\../lib/gcc/arm-none-eabi/10.3.1/../../../../arm-none-eabi/include/c++/10.3.1/arm-none-eabi/thumb/v7e-m+fp/hard/bits/gthr-default.h:229:1:int __gthread_key_delete(__gthread_key_t)	16	static
../Core/Src/main.cpp:112:5:int main()	16	static
../Core/Src/main.cpp:174:6:void SystemClock_Config()	88	static
../Core/Src/main.cpp:221:13:void MX_I2C1_Init()	8	static
../Core/Src/main.cpp:255:13:void MX_I2C3_Init()	8	static
../Core/Src/main.cpp:289:13:void MX_TIM2_Init()	48	static
../Core/Src/main.cpp:342:13:void MX_TIM3_Init()	48	static
../Core/Src/main.cpp:392:13:void MX_USART2_UART_Init()	8	static
../Core/Src/main.cpp:425:13:void MX_GPIO_Init()	48	static
../Core/Src/main.cpp:477:6:void getRawData_noDelay(Adafruit_TCS34725*, uint16_t*, uint16_t*, uint16_t*, uint16_t*)	32	static
../Core/Src/main.cpp:500:9:int16_t euclideanDistance(uint16_t*, uint16_t*, uint16_t*, const uint16_t*, const uint16_t*)	72	static
../Core/Src/main.cpp:517:6:void moveForward(uint32_t*, uint32_t*)	16	static
../Core/Src/main.cpp:529:6:void moveBackward(uint32_t*, uint32_t*)	16	static
../Core/Src/main.cpp:538:6:void moveLeft(uint32_t*)	16	static
../Core/Src/main.cpp:548:6:void moveRight(uint32_t*)	16	static
../Core/Src/main.cpp:558:6:void moveLeftBw(uint32_t*)	16	static
../Core/Src/main.cpp:568:6:void moveRightBw(uint32_t*)	16	static
../Core/Src/main.cpp:578:6:void turn_180()	8	static
../Core/Src/main.cpp:588:6:void stop()	8	static
../Core/Src/main.cpp:596:6:void grab()	16	static
../Core/Src/main.cpp:604:6:void release()	16	static
../Core/Src/main.cpp:612:6:void runStateMachine()	8	static
../Core/Src/main.cpp:648:6:void idle()	16	static
../Core/Src/main.cpp:661:6:void search_lego()	24	static
../Core/Src/main.cpp:681:6:void search_safe()	24	static
../Core/Src/main.cpp:719:6:void return_to_start()	24	static
../Core/Src/main.cpp:736:6:void line_follow_fw()	24	static
../Core/Src/main.cpp:747:6:void line_follow_bw()	24	static
../Core/Src/main.cpp:758:6:void pd_control(int16_t, int16_t)	40	static
../Core/Src/main.cpp:801:6:void pd_control_bw(int16_t, int16_t)	40	static
../Core/Src/main.cpp:850:6:void Error_Handler()	4	static,ignoring_inline_asm
c:\st\stm32cubeide_1.11.2\stm32cubeide\plugins\com.st.stm32cube.ide.mcu.externaltools.gnu-tools-for-stm32.10.3-2021.10.win32_1.0.100.202210260954\tools\arm-none-eabi\include\c++\10.3.1\cmath:415:5:constexpr typename __gnu_cxx::__promote_2<_Tp, _Up>::__type std::pow(_Tp, _Up) [with _Tp = short int; _Up = int]	24	static
../Core/Src/main.cpp:859:1:void __static_initialization_and_destruction_0(int, int)	16	static
../Core/Src/main.cpp:859:1:cpp)	8	static
../Core/Src/main.cpp:859:1:cpp)	8	static
