C:\ST\STM32CubeIDE_1.14.1\STM32CubeIDE\plugins\com.st.stm32cube.ide.mcu.externaltools.gnu-tools-for-stm32.11.3.rel1.win32_1.1.100.202309141235\tools\arm-none-eabi\include\c++\11.3.1\arm-none-eabi\thumb\v7e-m+fp\hard\bits\gthr-default.h:229:1:int __gthread_key_delete(__gthread_key_t)	16	static
../Core/Src/main.cpp:112:5:int main()	16	static
../Core/Src/main.cpp:173:6:void SystemClock_Config()	88	static
../Core/Src/main.cpp:220:13:void MX_I2C1_Init()	8	static
../Core/Src/main.cpp:254:13:void MX_I2C3_Init()	8	static
../Core/Src/main.cpp:288:13:void MX_TIM2_Init()	48	static
../Core/Src/main.cpp:341:13:void MX_TIM3_Init()	48	static
../Core/Src/main.cpp:391:13:void MX_USART2_UART_Init()	8	static
../Core/Src/main.cpp:424:13:void MX_GPIO_Init()	48	static
../Core/Src/main.cpp:476:6:void getRawData_noDelay(Adafruit_TCS34725*, uint16_t*, uint16_t*, uint16_t*, uint16_t*)	32	static
../Core/Src/main.cpp:499:9:int16_t euclideanDistance(uint16_t*, uint16_t*, uint16_t*, const uint16_t*, const uint16_t*)	72	static
../Core/Src/main.cpp:516:6:void moveForward(uint32_t*, uint32_t*)	16	static
../Core/Src/main.cpp:528:6:void moveBackward(uint32_t*, uint32_t*)	16	static
../Core/Src/main.cpp:537:6:void moveLeft(uint32_t*)	16	static
../Core/Src/main.cpp:547:6:void moveRight(uint32_t*)	16	static
../Core/Src/main.cpp:557:6:void stop()	8	static
../Core/Src/main.cpp:565:6:void grab()	16	static
../Core/Src/main.cpp:573:6:void release()	16	static
../Core/Src/main.cpp:581:6:void runStateMachine()	8	static
../Core/Src/main.cpp:617:6:void idle()	16	static
../Core/Src/main.cpp:629:6:void search_lego()	24	static
../Core/Src/main.cpp:645:6:void search_safe()	24	static
../Core/Src/main.cpp:664:6:void return_to_start()	24	static
../Core/Src/main.cpp:679:6:void line_follow_fw()	24	static
../Core/Src/main.cpp:690:6:void line_follow_bw()	24	static
../Core/Src/main.cpp:701:6:void pd_control(int16_t, int16_t)	40	static
../Core/Src/main.cpp:744:6:void pd_control_bw(int16_t, int16_t)	40	static
../Core/Src/main.cpp:793:6:void Error_Handler()	4	static,ignoring_inline_asm
C:\ST\STM32CubeIDE_1.14.1\STM32CubeIDE\plugins\com.st.stm32cube.ide.mcu.externaltools.gnu-tools-for-stm32.11.3.rel1.win32_1.1.100.202309141235\tools\bin/../lib/gcc/arm-none-eabi/11.3.1/../../../../arm-none-eabi/include/c++/11.3.1/cmath:415:5:constexpr typename __gnu_cxx::__promote_2<_Tp, _Up>::__type std::pow(_Tp, _Up) [with _Tp = short int; _Up = int]	24	static
../Core/Src/main.cpp:802:1:void __static_initialization_and_destruction_0(int, int)	16	static
../Core/Src/main.cpp:802:1:cpp)	8	static
../Core/Src/main.cpp:802:1:cpp)	8	static
