C:\ST\STM32CubeIDE_1.14.1\STM32CubeIDE\plugins\com.st.stm32cube.ide.mcu.externaltools.gnu-tools-for-stm32.11.3.rel1.win32_1.1.100.202309141235\tools\arm-none-eabi\include\c++\11.3.1\arm-none-eabi\thumb\v7e-m+fp\hard\bits\gthr-default.h:229:1:int __gthread_key_delete(__gthread_key_t)	16	static
../Core/Src/main.cpp:112:5:int main()	16	static
../Core/Src/main.cpp:193:6:void SystemClock_Config()	88	static
../Core/Src/main.cpp:240:13:void MX_I2C1_Init()	8	static
../Core/Src/main.cpp:274:13:void MX_I2C3_Init()	8	static
../Core/Src/main.cpp:308:13:void MX_TIM2_Init()	48	static
../Core/Src/main.cpp:361:13:void MX_TIM3_Init()	48	static
../Core/Src/main.cpp:411:13:void MX_USART2_UART_Init()	8	static
../Core/Src/main.cpp:444:13:void MX_GPIO_Init()	48	static
../Core/Src/main.cpp:496:6:void getRawData_noDelay(Adafruit_TCS34725*, uint16_t*, uint16_t*, uint16_t*, uint16_t*)	32	static
../Core/Src/main.cpp:519:9:int16_t euclideanDistance(uint16_t*, uint16_t*, uint16_t*, const uint16_t*, const uint16_t*)	72	static
../Core/Src/main.cpp:536:6:void moveForward(uint32_t*, uint32_t*)	16	static
../Core/Src/main.cpp:548:6:void moveBackward(uint32_t*, uint32_t*)	16	static
../Core/Src/main.cpp:557:6:void moveLeft(uint32_t*)	16	static
../Core/Src/main.cpp:567:6:void moveRight(uint32_t*)	16	static
../Core/Src/main.cpp:577:6:void stop()	8	static
../Core/Src/main.cpp:585:6:void grab()	16	static
../Core/Src/main.cpp:593:6:void release()	16	static
../Core/Src/main.cpp:601:6:void runStateMachine()	8	static
../Core/Src/main.cpp:637:6:void idle()	16	static
../Core/Src/main.cpp:647:6:void search_lego()	24	static
../Core/Src/main.cpp:663:6:void search_safe()	24	static
../Core/Src/main.cpp:682:6:void return_to_start()	24	static
../Core/Src/main.cpp:698:6:void line_follow_fw()	24	static
../Core/Src/main.cpp:741:6:void line_follow_bw()	24	static
../Core/Src/main.cpp:759:6:void print(char*)	16	static
../Core/Src/main.cpp:765:6:void pd_control(int16_t, int16_t)	40	static
../Core/Src/main.cpp:819:6:void add_to_errors(int)	24	static
../Core/Src/main.cpp:833:6:void Error_Handler()	4	static,ignoring_inline_asm
C:\ST\STM32CubeIDE_1.14.1\STM32CubeIDE\plugins\com.st.stm32cube.ide.mcu.externaltools.gnu-tools-for-stm32.11.3.rel1.win32_1.1.100.202309141235\tools\bin/../lib/gcc/arm-none-eabi/11.3.1/../../../../arm-none-eabi/include/c++/11.3.1/cmath:415:5:constexpr typename __gnu_cxx::__promote_2<_Tp, _Up>::__type std::pow(_Tp, _Up) [with _Tp = short int; _Up = int]	24	static
../Core/Src/main.cpp:842:1:void __static_initialization_and_destruction_0(int, int)	16	static
../Core/Src/main.cpp:842:1:cpp)	8	static
../Core/Src/main.cpp:842:1:cpp)	8	static
