c:\st\stm32cubeide_1.11.2\stm32cubeide\plugins\com.st.stm32cube.ide.mcu.externaltools.gnu-tools-for-stm32.10.3-2021.10.win32_1.0.100.202210260954\tools\bin\../lib/gcc/arm-none-eabi/10.3.1/../../../../arm-none-eabi/include/c++/10.3.1/arm-none-eabi/thumb/v7e-m+fp/hard/bits/gthr-default.h:229:1:int __gthread_key_delete(__gthread_key_t)	16	static
../Core/Src/main.cpp:112:5:int main()	48	static
../Core/Src/main.cpp:223:6:void SystemClock_Config()	88	static
../Core/Src/main.cpp:270:13:void MX_I2C1_Init()	8	static
../Core/Src/main.cpp:304:13:void MX_I2C3_Init()	8	static
../Core/Src/main.cpp:338:13:void MX_TIM2_Init()	48	static
../Core/Src/main.cpp:391:13:void MX_TIM3_Init()	48	static
../Core/Src/main.cpp:441:13:void MX_USART2_UART_Init()	8	static
../Core/Src/main.cpp:474:13:void MX_GPIO_Init()	48	static
../Core/Src/main.cpp:526:6:void getRawData_noDelay(Adafruit_TCS34725*, uint16_t*, uint16_t*, uint16_t*, uint16_t*)	32	static
../Core/Src/main.cpp:548:9:int16_t euclideanDistance(uint16_t*, uint16_t*, uint16_t*, uint16_t**, uint16_t**)	72	static
../Core/Src/main.cpp:565:6:void moveForward(uint32_t*)	16	static
../Core/Src/main.cpp:574:6:void moveBackward(uint32_t*)	16	static
../Core/Src/main.cpp:583:6:void moveLeft(uint32_t*)	16	static
../Core/Src/main.cpp:592:6:void moveRight(uint32_t*)	16	static
../Core/Src/main.cpp:601:6:void stop()	8	static
../Core/Src/main.cpp:609:6:void grab()	16	static
../Core/Src/main.cpp:614:6:void release()	16	static
../Core/Src/main.cpp:625:6:void Error_Handler()	4	static,ignoring_inline_asm
c:\st\stm32cubeide_1.11.2\stm32cubeide\plugins\com.st.stm32cube.ide.mcu.externaltools.gnu-tools-for-stm32.10.3-2021.10.win32_1.0.100.202210260954\tools\arm-none-eabi\include\c++\10.3.1\cmath:415:5:constexpr typename __gnu_cxx::__promote_2<_Tp, _Up>::__type std::pow(_Tp, _Up) [with _Tp = short int; _Up = int]	24	static
../Core/Src/main.cpp:634:1:void __static_initialization_and_destruction_0(int, int)	16	static
../Core/Src/main.cpp:634:1:cpp)	8	static
../Core/Src/main.cpp:634:1:cpp)	8	static
