c:\st\stm32cubeide_1.11.2\stm32cubeide\plugins\com.st.stm32cube.ide.mcu.externaltools.gnu-tools-for-stm32.10.3-2021.10.win32_1.0.100.202210260954\tools\bin\../lib/gcc/arm-none-eabi/10.3.1/../../../../arm-none-eabi/include/c++/10.3.1/arm-none-eabi/thumb/v7e-m+fp/hard/bits/gthr-default.h:229:1:int __gthread_key_delete(__gthread_key_t)	16	static
../Core/Src/main.cpp:116:5:int main()	16	static
../Core/Src/main.cpp:198:6:void SystemClock_Config()	88	static
../Core/Src/main.cpp:245:13:void MX_I2C1_Init()	8	static
../Core/Src/main.cpp:279:13:void MX_I2C3_Init()	8	static
../Core/Src/main.cpp:313:13:void MX_TIM2_Init()	48	static
../Core/Src/main.cpp:366:13:void MX_TIM3_Init()	48	static
../Core/Src/main.cpp:416:13:void MX_USART2_UART_Init()	8	static
../Core/Src/main.cpp:449:13:void MX_GPIO_Init()	48	static
../Core/Src/main.cpp:501:6:void getRawData_noDelay(Adafruit_TCS34725*, uint16_t*, uint16_t*, uint16_t*, uint16_t*)	32	static
../Core/Src/main.cpp:524:9:int16_t euclideanDistance(uint16_t*, uint16_t*, uint16_t*, const uint16_t*, const uint16_t*)	72	static
../Core/Src/main.cpp:541:6:void moveForward(uint32_t*, uint32_t*)	16	static
../Core/Src/main.cpp:553:6:void moveBackward(uint32_t*, uint32_t*)	16	static
../Core/Src/main.cpp:562:6:void moveLeft(uint32_t*)	16	static
../Core/Src/main.cpp:572:6:void moveRight(uint32_t*)	16	static
../Core/Src/main.cpp:582:6:void stop()	8	static
../Core/Src/main.cpp:590:6:void grab()	16	static
../Core/Src/main.cpp:598:6:void release()	16	static
../Core/Src/main.cpp:606:6:void runStateMachine()	8	static
../Core/Src/main.cpp:642:6:void idle()	16	static
../Core/Src/main.cpp:654:6:void search_lego()	24	static
../Core/Src/main.cpp:670:6:void search_safe()	24	static
../Core/Src/main.cpp:689:6:void return_to_start()	24	static
../Core/Src/main.cpp:705:6:void line_follow_fw()	24	static
../Core/Src/main.cpp:748:6:void line_follow_bw()	24	static
../Core/Src/main.cpp:766:6:void print(char*)	16	static
../Core/Src/main.cpp:772:6:void pd_control(int16_t, int16_t)	80	static
../Core/Src/main.cpp:870:6:void add_to_errors(int)	24	static
../Core/Src/main.cpp:884:6:void Error_Handler()	4	static,ignoring_inline_asm
c:\st\stm32cubeide_1.11.2\stm32cubeide\plugins\com.st.stm32cube.ide.mcu.externaltools.gnu-tools-for-stm32.10.3-2021.10.win32_1.0.100.202210260954\tools\arm-none-eabi\include\c++\10.3.1\cmath:415:5:constexpr typename __gnu_cxx::__promote_2<_Tp, _Up>::__type std::pow(_Tp, _Up) [with _Tp = short int; _Up = int]	24	static
../Core/Src/main.cpp:893:1:void __static_initialization_and_destruction_0(int, int)	16	static
../Core/Src/main.cpp:893:1:cpp)	8	static
../Core/Src/main.cpp:893:1:cpp)	8	static
