c:\st\stm32cubeide_1.11.2\stm32cubeide\plugins\com.st.stm32cube.ide.mcu.externaltools.gnu-tools-for-stm32.10.3-2021.10.win32_1.0.100.202210260954\tools\bin\../lib/gcc/arm-none-eabi/10.3.1/../../../../arm-none-eabi/include/c++/10.3.1/arm-none-eabi/thumb/v7e-m+fp/hard/bits/gthr-default.h:229:1:int __gthread_key_delete(__gthread_key_t)	16	static
../Core/Src/main.cpp:81:5:int main()	296	static
../Core/Src/main.cpp:236:6:void SystemClock_Config()	88	static
../Core/Src/main.cpp:283:13:void MX_I2C1_Init()	8	static
../Core/Src/main.cpp:317:13:void MX_I2C3_Init()	8	static
../Core/Src/main.cpp:351:13:void MX_USART2_UART_Init()	8	static
../Core/Src/main.cpp:384:13:void MX_GPIO_Init()	48	static
../Core/Src/main.cpp:436:6:void getRawData_noDelay(Adafruit_TCS34725*, uint16_t*, uint16_t*, uint16_t*, uint16_t*)	32	static
../Core/Src/main.cpp:464:6:void Error_Handler()	4	static,ignoring_inline_asm
../Core/Src/main.cpp:473:1:void __static_initialization_and_destruction_0(int, int)	16	static
../Core/Src/main.cpp:473:1:cpp)	8	static
../Core/Src/main.cpp:473:1:cpp)	8	static
